exports[`test shallowly renders App 1`] = `
<div>
  <HelmetWrapper
    title="Haystack" />
  <button
    onClick={[Function]}>
    Haystack
    <img
      alt="logo"
      src="test-file-stub" />
  </button>
</div>
`;
