exports[`test shallowly renders Html 1`] = `
<html
  lang="en">
  <head>
    <meta
      charSet="utf-8" />
    <meta
      content="width=device-width, initial-scale=1, shrink-to-fit=no, user-scalable=no"
      name="viewport" />
    <meta
      content="ie=edge"
      httpEquiv="x-ua-compatible" />
    <Rollbar />
  </head>
  <body>
    <div
      dangerouslySetInnerHTML={
        Object {
          "__html": "<div />",
        }
      }
      id="app" />
    <Script
      src="app.xxxx.js" />
  </body>
</html>
`;
