exports[`test render 1`] = `"<!DOCTYPE html><html lang=\"en\"><head><meta charset=\"utf-8\"/><meta content=\"width=device-width, initial-scale=1, shrink-to-fit=no, user-scalable=no\" name=\"viewport\"/><meta content=\"ie=edge\" http-equiv=\"x-ua-compatible\"/><title data-react-helmet=\"true\"></title></head><body><div id=\"app\"><div id=\"app\"><div data-reactroot=\"\" data-reactid=\"1\" data-react-checksum=\"1998851930\"></div></div></div><script src=\"app.xxx.js\" type=\"text/javascript\"></script></body></html>"`;
