exports[`test shallowly renders InternalServerError 1`] = `
<div>
  <h1>
    500: Haystack in fire.
  </h1>
  Run to 
  <a
    href="/">
    home
  </a>
  .
</div>
`;
